[designreset.com/cork/html/modern-light-menu/index.html]
[backblue.gif]
[fade.gif]
[index.html]
[designreset.com/cork/html/layouts/modern-light-menu/loader.js]
[designreset.com/cork/html/src/assets/img/profile-16.jpg]
[designreset.com/cork/html/src/assets/img/profile-15.jpg]
[designreset.com/cork/html/src/assets/img/profile-21.jpg]
[designreset.com/cork/html/src/assets/img/profile-30.png]
[designreset.com/cork/html/modern-light-menu/user-profile.html]
[designreset.com/cork/html/modern-light-menu/app-mailbox.html]
[designreset.com/cork/html/modern-light-menu/auth-boxed-lockscreen.html]
[designreset.com/cork/html/modern-light-menu/auth-boxed-signin.html]
[designreset.com/cork/html/modern-light-menu/index-2.html]
[designreset.com/cork/html/modern-light-menu/index2.html]
[designreset.com/cork/html/modern-light-menu/app-calendar.html]
[designreset.com/cork/html/modern-light-menu/app-chat.html]
[designreset.com/cork/html/modern-light-menu/app-todoList.html]
[designreset.com/cork/html/modern-light-menu/app-notes.html]
[designreset.com/cork/html/modern-light-menu/app-scrumboard.html]
[designreset.com/cork/html/modern-light-menu/app-contacts.html]
[designreset.com/cork/html/modern-light-menu/app-invoice-list.html]
[designreset.com/cork/html/modern-light-menu/app-invoice-preview.html]
[designreset.com/cork/html/modern-light-menu/app-invoice-add.html]
[designreset.com/cork/html/modern-light-menu/app-invoice-edit.html]
[designreset.com/cork/html/modern-light-menu/app-ecommerce-product-shop.html]
[designreset.com/cork/html/modern-light-menu/app-ecommerce-product.html]
[designreset.com/cork/html/modern-light-menu/app-ecommerce-product-list.html]
[designreset.com/cork/html/modern-light-menu/app-ecommerce-product-add.html]
[designreset.com/cork/html/modern-light-menu/app-ecommerce-product-edit.html]
[designreset.com/cork/html/modern-light-menu/app-blog-grid.html]
[designreset.com/cork/html/modern-light-menu/app-blog-list.html]
[designreset.com/cork/html/modern-light-menu/app-blog-post.html]
[designreset.com/cork/html/modern-light-menu/app-blog-create.html]
[designreset.com/cork/html/modern-light-menu/app-blog-edit.html]
[designreset.com/cork/html/modern-light-menu/component-tabs.html]
[designreset.com/cork/html/modern-light-menu/component-accordion.html]
[designreset.com/cork/html/modern-light-menu/component-modal.html]
[designreset.com/cork/html/modern-light-menu/component-cards.html]
[designreset.com/cork/html/modern-light-menu/component-bootstrap-carousel.html]
[designreset.com/cork/html/modern-light-menu/component-splide.html]
[designreset.com/cork/html/modern-light-menu/component-sweetalert.html]
[designreset.com/cork/html/modern-light-menu/component-timeline.html]
[designreset.com/cork/html/modern-light-menu/component-notifications.html]
[designreset.com/cork/html/modern-light-menu/component-media-object.html]
[designreset.com/cork/html/modern-light-menu/component-list-group.html]
[designreset.com/cork/html/modern-light-menu/component-pricing-table.html]
[designreset.com/cork/html/modern-light-menu/component-lightbox.html]
[designreset.com/cork/html/modern-light-menu/component-drag-drop.html]
[designreset.com/cork/html/modern-light-menu/component-fonticons.html]
[designreset.com/cork/html/modern-light-menu/component-flags.html]
[designreset.com/cork/html/modern-light-menu/element-alerts.html]
[designreset.com/cork/html/modern-light-menu/element-avatar.html]
[designreset.com/cork/html/modern-light-menu/element-badges.html]
[designreset.com/cork/html/modern-light-menu/element-breadcrumbs.html]
[designreset.com/cork/html/modern-light-menu/element-buttons.html]
[designreset.com/cork/html/modern-light-menu/element-buttons-group.html]
[designreset.com/cork/html/modern-light-menu/element-color-library.html]
[designreset.com/cork/html/modern-light-menu/element-dropdown.html]
[designreset.com/cork/html/modern-light-menu/element-infobox.html]
[designreset.com/cork/html/modern-light-menu/element-loader.html]
[designreset.com/cork/html/modern-light-menu/element-pagination.html]
[designreset.com/cork/html/modern-light-menu/element-popovers.html]
[designreset.com/cork/html/modern-light-menu/element-progressbar.html]
[designreset.com/cork/html/modern-light-menu/element-search.html]
[designreset.com/cork/html/modern-light-menu/element-tooltips.html]
[designreset.com/cork/html/modern-light-menu/element-treeview.html]
[designreset.com/cork/html/modern-light-menu/element-typography.html]
[designreset.com/cork/html/modern-light-menu/map-leaflet.html]
[designreset.com/cork/html/modern-light-menu/charts-apex.html]
[designreset.com/cork/html/modern-light-menu/widgets.html]
[designreset.com/cork/html/modern-light-menu/layout-blank-page.html]
[designreset.com/cork/html/modern-light-menu/layout-empty.html]
[designreset.com/cork/html/modern-light-menu/layout-full-width.html]
[designreset.com/cork/html/modern-light-menu/layout-collapsible-menu.html]
[designreset.com/cork/html/modern-light-menu/table-basic.html]
[designreset.com/cork/html/modern-light-menu/table-datatable-basic.html]
[designreset.com/cork/html/modern-light-menu/table-datatable-striped-table.html]
[designreset.com/cork/html/modern-light-menu/table-datatable-custom.html]
[designreset.com/cork/html/modern-light-menu/table-datatable-miscellaneous.html]
[designreset.com/cork/html/modern-light-menu/form-bootstrap-basic.html]
[designreset.com/cork/html/modern-light-menu/form-input-group-basic.html]
[designreset.com/cork/html/modern-light-menu/form-layouts.html]
[designreset.com/cork/html/modern-light-menu/form-validation.html]
[designreset.com/cork/html/modern-light-menu/form-input-mask.html]
[designreset.com/cork/html/modern-light-menu/form-tom-select.html]
[designreset.com/cork/html/modern-light-menu/form-tagify.html]
[designreset.com/cork/html/modern-light-menu/form-bootstrap-touchspin.html]
[designreset.com/cork/html/modern-light-menu/form-maxlength.html]
[designreset.com/cork/html/modern-light-menu/form-checkbox.html]
[designreset.com/cork/html/modern-light-menu/form-radio.html]
[designreset.com/cork/html/modern-light-menu/form-switches.html]
[designreset.com/cork/html/modern-light-menu/form-wizard.html]
[designreset.com/cork/html/modern-light-menu/form-fileupload.html]
[designreset.com/cork/html/modern-light-menu/form-quill.html]
[designreset.com/cork/html/modern-light-menu/form-markdown.html]
[designreset.com/cork/html/modern-light-menu/form-date-time-picker.html]
[designreset.com/cork/html/modern-light-menu/form-slider.html]
[designreset.com/cork/html/modern-light-menu/form-clipboard.html]
[designreset.com/cork/html/modern-light-menu/form-autoComplete.html]
[designreset.com/cork/html/modern-light-menu/user-account-settings.html]
[designreset.com/cork/html/modern-light-menu/pages-knowledge-base.html]
[designreset.com/cork/html/modern-light-menu/pages-faq.html]
[designreset.com/cork/html/modern-light-menu/pages-contact-us.html]
[designreset.com/cork/html/modern-light-menu/pages-error404.html]
[designreset.com/cork/html/modern-light-menu/pages-maintenence.html]
[designreset.com/cork/html/modern-light-menu/auth-boxed-signup.html]
[designreset.com/cork/html/modern-light-menu/auth-boxed-password-reset.html]
[designreset.com/cork/html/modern-light-menu/auth-boxed-2-step-verification.html]
[designreset.com/cork/html/modern-light-menu/auth-cover-signin.html]
[designreset.com/cork/html/modern-light-menu/auth-cover-signup.html]
[designreset.com/cork/html/modern-light-menu/auth-cover-lockscreen.html]
[designreset.com/cork/html/modern-light-menu/auth-cover-password-reset.html]
[designreset.com/cork/html/modern-light-menu/auth-cover-2-step-verification.html]
[designreset.com/cork/html/src/assets/img/money-bag.png]
[designreset.com/cork/html/src/assets/img/profile-8.jpg]
[designreset.com/cork/html/src/assets/img/profile-12.jpg]
[designreset.com/cork/html/src/assets/img/profile-19.jpg]
[designreset.com/cork/html/src/assets/img/g-8.png]
[designreset.com/cork/html/src/assets/img/profile-6.jpg]
[designreset.com/cork/html/src/assets/img/profile-3.jpg]
[designreset.com/cork/html/src/bootstrap/js/bootstrap.bundle.min.js]
[designreset.com/cork/html/src/plugins/src/perfect-scrollbar/perfect-scrollbar.min.js]
[designreset.com/cork/html/src/plugins/src/mousetrap/mousetrap.min.js]
[designreset.com/cork/html/src/plugins/src/waves/waves.min.js]
[designreset.com/cork/html/layouts/modern-light-menu/app.js]
[designreset.com/cork/html/src/plugins/src/apex/apexcharts.min.js]
[designreset.com/cork/html/src/assets/js/dashboard/dash_1.js]
[designreset.com/cork/html/modern-light-menu/index.html]
[designreset.com/cork/html/layouts/modern-light-menu/css/light/loader.css]
[designreset.com/cork/html/layouts/modern-light-menu/css/dark/loader.css]
[designreset.com/cork/html/src/bootstrap/css/bootstrap.min.css]
[designreset.com/cork/html/layouts/modern-light-menu/css/light/plugins.css]
[designreset.com/cork/html/layouts/modern-light-menu/css/dark/plugins.css]
[designreset.com/cork/html/src/plugins/src/apex/apexcharts.css]
[designreset.com/cork/html/src/assets/css/light/dashboard/dash_1.css]
[designreset.com/cork/html/src/assets/css/dark/dashboard/dash_1.css]
[designreset.com/cork/html/modern-light-menu/user-profile.html]
[designreset.com/cork/html/src/assets/img/profile-34.jpg]
[designreset.com/cork/html/src/assets/img/profile-31.jpg]
[designreset.com/cork/html/src/assets/img/profile-17.jpg]
[designreset.com/cork/html/src/assets/img/profile-23.jpg]
[designreset.com/cork/html/src/assets/img/profile-18.jpg]
[designreset.com/cork/html/src/assets/img/profile-13.jpg]
[designreset.com/cork/html/src/assets/img/profile-32.jpg]
[designreset.com/cork/html/src/assets/img/scroll-6.jpg]
[designreset.com/cork/html/src/assets/img/scroll-7.jpg]
[designreset.com/cork/html/src/assets/img/scroll-8.jpg]
[designreset.com/cork/html/src/assets/img/profile-28.jpg]
[designreset.com/cork/html/src/plugins/src/global/vendors.min.js]
[designreset.com/cork/html/src/plugins/src/editors/quill/quill.js]
[designreset.com/cork/html/src/plugins/src/sweetalerts2/sweetalerts2.min.js]
[designreset.com/cork/html/src/plugins/src/notification/snackbar/snackbar.min.js]
[designreset.com/cork/html/src/assets/js/apps/mailbox.js]
[designreset.com/cork/html/modern-light-menu/app-mailbox.html]
[designreset.com/cork/html/src/assets/img/profile-7.jpg]
[designreset.com/cork/html/modern-light-menu/auth-boxed-lockscreen.html]
[designreset.com/cork/html/modern-light-menu/auth-boxed-signin.html]
[designreset.com/cork/html/modern-light-menu/index-2.html]
[designreset.com/cork/html/src/assets/img/profile-10.jpg]
[designreset.com/cork/html/src/assets/img/profile-5.jpg]
[designreset.com/cork/html/src/assets/img/profile-4.jpg]
[designreset.com/cork/html/src/assets/img/profile-11.jpg]
[designreset.com/cork/html/src/assets/img/product-headphones.jpg]
[designreset.com/cork/html/src/assets/img/product-shoes.jpg]
[designreset.com/cork/html/src/assets/img/product-watch.jpg]
[designreset.com/cork/html/src/assets/img/product-laptop.jpg]
[designreset.com/cork/html/src/assets/img/product-camera.jpg]
[designreset.com/cork/html/src/assets/js/dashboard/dash_2.js]
[designreset.com/cork/html/modern-light-menu/index2.html]
[designreset.com/cork/html/src/plugins/src/fullcalendar/fullcalendar.min.js]
[designreset.com/cork/html/src/plugins/src/uuid/uuid4.min.js]
[designreset.com/cork/html/src/plugins/src/fullcalendar/custom-fullcalendar.js]
[designreset.com/cork/html/modern-light-menu/app-calendar.html]
[designreset.com/cork/html/src/assets/img/profile-33.jpg]
[designreset.com/cork/html/src/assets/img/profile-26.jpg]
[designreset.com/cork/html/src/assets/img/profile-20.jpg]
[designreset.com/cork/html/src/assets/img/90x90.jpg]
[designreset.com/cork/html/src/assets/js/apps/chat.js]
[designreset.com/cork/html/modern-light-menu/app-chat.html]
[designreset.com/cork/html/src/assets/js/apps/todoList.js]
[designreset.com/cork/html/modern-light-menu/app-todoList.html]
[designreset.com/cork/html/src/assets/js/apps/notes.js]
[designreset.com/cork/html/modern-light-menu/app-notes.html]
[designreset.com/cork/html/src/assets/img/taskboard.jpg]
[designreset.com/cork/html/src/plugins/src/jquery-ui/jquery-ui.min.js]
[designreset.com/cork/html/src/assets/js/apps/scrumboard.js]
[designreset.com/cork/html/modern-light-menu/app-scrumboard.html]
[designreset.com/cork/html/src/assets/img/profile-29.jpg]
[designreset.com/cork/html/src/assets/js/custom.js]
[designreset.com/cork/html/src/assets/js/apps/contact.js]
[designreset.com/cork/html/modern-light-menu/app-contacts.html]
[designreset.com/cork/html/src/assets/img/profile-1.jpg]
[designreset.com/cork/html/src/assets/img/profile-14.jpg]
[designreset.com/cork/html/src/assets/img/profile-24.jpg]
[designreset.com/cork/html/src/assets/img/profile-9.jpg]
[designreset.com/cork/html/src/assets/img/profile-22.jpg]
[designreset.com/cork/html/src/assets/img/profile-2.jpg]
[designreset.com/cork/html/src/plugins/src/table/datatable/datatables.js]
[designreset.com/cork/html/src/plugins/src/table/datatable/button-ext/dataTables.buttons.min.js]
[designreset.com/cork/html/src/assets/js/apps/invoice-list.js]
[designreset.com/cork/html/modern-light-menu/app-invoice-list.html]
[designreset.com/cork/html/src/assets/img/cork-logo.png]
[designreset.com/cork/html/src/assets/js/apps/invoice-preview.js]
[designreset.com/cork/html/modern-light-menu/app-invoice-preview.html]
[designreset.com/cork/html/src/plugins/src/filepond/filepond.min.js]
[designreset.com/cork/html/src/plugins/src/filepond/FilePondPluginFileValidateType.min.js]
[designreset.com/cork/html/src/plugins/src/filepond/FilePondPluginImageExifOrientation.min.js]
[designreset.com/cork/html/src/plugins/src/filepond/FilePondPluginImagePreview.min.js]
[designreset.com/cork/html/src/plugins/src/filepond/FilePondPluginImageCrop.min.js]
[designreset.com/cork/html/src/plugins/src/filepond/FilePondPluginImageResize.min.js]
[designreset.com/cork/html/src/plugins/src/filepond/FilePondPluginImageTransform.min.js]
[designreset.com/cork/html/src/plugins/src/filepond/filepondPluginFileValidateSize.min.js]
[designreset.com/cork/html/src/plugins/src/flatpickr/flatpickr.js]
[designreset.com/cork/html/src/assets/js/apps/invoice-add.js]
[designreset.com/cork/html/modern-light-menu/app-invoice-add.html]
[designreset.com/cork/html/src/assets/js/apps/invoice-edit.js]
[designreset.com/cork/html/modern-light-menu/app-invoice-edit.html]
[designreset.com/cork/html/src/assets/img/product-3.jpg]
[designreset.com/cork/html/src/assets/img/product-8.jpg]
[designreset.com/cork/html/src/assets/img/product-13.jpg]
[designreset.com/cork/html/src/assets/img/product-4.jpg]
[designreset.com/cork/html/src/assets/img/product-5.jpg]
[designreset.com/cork/html/src/assets/img/product-6.jpg]
[designreset.com/cork/html/src/assets/img/product-7.jpg]
[designreset.com/cork/html/src/assets/img/product-1.jpg]
[designreset.com/cork/html/src/assets/img/product-9.jpg]
[designreset.com/cork/html/src/assets/img/product-10.jpg]
[designreset.com/cork/html/src/assets/img/product-11.jpg]
[designreset.com/cork/html/src/assets/img/product-12.jpg]
[designreset.com/cork/html/src/assets/img/product-14.jpg]
[designreset.com/cork/html/src/assets/img/product-15.jpg]
[designreset.com/cork/html/src/assets/img/product-16.jpg]
[designreset.com/cork/html/src/assets/img/product-17.jpg]
[designreset.com/cork/html/src/assets/img/product-18.jpg]
[designreset.com/cork/html/src/assets/img/product-19.jpg]
[designreset.com/cork/html/modern-light-menu/app-ecommerce-product-shop.html]
[designreset.com/cork/html/src/assets/img/ecommerce-1.jpg]
[designreset.com/cork/html/src/assets/img/ecommerce-2.jpg]
[designreset.com/cork/html/src/assets/img/ecommerce-4.jpg]
[designreset.com/cork/html/src/assets/img/ecommerce-5.jpg]
[designreset.com/cork/html/src/assets/img/ecommerce-6.jpg]
[designreset.com/cork/html/src/plugins/src/bootstrap-touchspin/jquery.bootstrap-touchspin.min.js]
[designreset.com/cork/html/src/plugins/src/glightbox/glightbox.min.js]
[designreset.com/cork/html/src/plugins/src/splide/splide.min.js]
[designreset.com/cork/html/src/assets/js/apps/ecommerce-details.js]
[designreset.com/cork/html/modern-light-menu/app-ecommerce-product.html]
[designreset.com/cork/html/modern-light-menu/app-ecommerce-product-list.html]
[designreset.com/cork/html/src/plugins/src/highlight/highlight.pack.js]
[designreset.com/cork/html/src/plugins/src/tagify/tagify.min.js]
[designreset.com/cork/html/src/assets/js/apps/ecommerce-create.js]
[designreset.com/cork/html/modern-light-menu/app-ecommerce-product-add.html]
[designreset.com/cork/html/modern-light-menu/app-ecommerce-product-edit.html]
[designreset.com/cork/html/src/assets/img/grid-blog-style-2.jpg]
[designreset.com/cork/html/src/assets/img/grid-blog-style-1.jpg]
[designreset.com/cork/html/src/assets/img/grid-blog-style-3.jpg]
[designreset.com/cork/html/src/assets/img/list-blog-style-3.jpg]
[designreset.com/cork/html/src/assets/img/grid-blog-style-5.jpg]
[designreset.com/cork/html/src/assets/img/masonry-blog-style-3.jpg]
[designreset.com/cork/html/src/assets/img/grid-blog-style-4.jpg]
[designreset.com/cork/html/src/assets/img/masonry-blog-style-4.jpg]
[designreset.com/cork/html/modern-light-menu/app-blog-grid.html]
[designreset.com/cork/html/modern-light-menu/app-blog-list.html]
[designreset.com/cork/html/src/assets/img/lightbox-3.jpg]
[designreset.com/cork/html/src/assets/img/slider-3.jpg]
[designreset.com/cork/html/src/assets/img/delete-user-4.jpg]
[designreset.com/cork/html/src/assets/img/profile-25.jpg]
[designreset.com/cork/html/modern-light-menu/app-blog-post.html]
[designreset.com/cork/html/src/assets/js/apps/blog-create.js]
[designreset.com/cork/html/modern-light-menu/app-blog-create.html]
[designreset.com/cork/html/modern-light-menu/app-blog-edit.html]
[designreset.com/cork/html/src/assets/js/scrollspyNav.js]
[designreset.com/cork/html/modern-light-menu/component-tabs.html]
[designreset.com/cork/html/modern-light-menu/component-accordion.html]
[designreset.com/cork/html/src/assets/img/1.jpg]
[designreset.com/cork/html/src/assets/img/3.jpg]
[designreset.com/cork/html/src/assets/img/2.jpg]
[designreset.com/cork/html/src/assets/img/drag-1.jpg]
[designreset.com/cork/html/modern-light-menu/component-modal.html]
[designreset.com/cork/html/src/assets/img/tl-2.jpg]
[designreset.com/cork/html/src/assets/img/product-2.jpg]
[designreset.com/cork/html/modern-light-menu/component-cards.html]
[designreset.com/cork/html/modern-light-menu/component-bootstrap-carousel.html]
[designreset.com/cork/html/modern-light-menu/assets/img/product-1.jpg]
[designreset.com/cork/html/modern-light-menu/assets/img/product-2.jpg]
[designreset.com/cork/html/modern-light-menu/assets/img/product-3.jpg]
[designreset.com/cork/html/src/plugins/src/splide/custom-splide.js]
[designreset.com/cork/html/modern-light-menu/component-splide.html]
[designreset.com/cork/html/src/plugins/src/sweetalerts2/custom-sweetalert.js]
[designreset.com/cork/html/modern-light-menu/component-sweetalert.html]
[designreset.com/cork/html/src/assets/img/tl-4.jpg]
[designreset.com/cork/html/src/assets/img/tl-3.jpg]
[designreset.com/cork/html/src/assets/img/tl-5.jpg]
[designreset.com/cork/html/src/assets/img/list-blog-style-2.jpg]
[designreset.com/cork/html/modern-light-menu/component-timeline.html]
[designreset.com/cork/html/src/assets/js/components/notification/custom-snackbar.js]
[designreset.com/cork/html/modern-light-menu/component-notifications.html]
[designreset.com/cork/html/modern-light-menu/component-media-object.html]
[designreset.com/cork/html/modern-light-menu/component-list-group.html]
[designreset.com/cork/html/modern-light-menu/component-pricing-table.html]
[designreset.com/cork/html/src/assets/img/lightbox-1.jpg]
[designreset.com/cork/html/src/assets/img/lightbox-2.jpg]
[designreset.com/cork/html/src/assets/img/lightbox-4.jpg]
[designreset.com/cork/html/src/assets/img/lightbox-6.jpg]
[designreset.com/cork/html/src/assets/img/lightbox-5.jpg]
[designreset.com/cork/html/src/plugins/src/glightbox/custom-glightbox.min.js]
[designreset.com/cork/html/modern-light-menu/component-lightbox.html]
[designreset.com/cork/html/src/assets/img/drag-4.jpg]
[designreset.com/cork/html/src/assets/img/g-7.png]
[designreset.com/cork/html/src/assets/img/drag-2.jpg]
[designreset.com/cork/html/src/assets/img/p7.jpg]
[designreset.com/cork/html/src/assets/img/p9.jpg]
[designreset.com/cork/html/src/assets/img/p6.jpg]
[designreset.com/cork/html/src/assets/img/delete-user-15.jpg]
[designreset.com/cork/html/src/assets/img/delete-user-11.jpg]
[designreset.com/cork/html/src/assets/img/delete-user-12.jpg]
[designreset.com/cork/html/src/assets/img/delete-user-16.jpg]
[designreset.com/cork/html/src/assets/img/delete-user-17.jpg]
[designreset.com/cork/html/src/plugins/src/drag-and-drop/dragula/dragula.min.js]
[designreset.com/cork/html/src/plugins/src/drag-and-drop/dragula/custom-dragula.js]
[designreset.com/cork/html/modern-light-menu/component-drag-drop.html]
[designreset.com/cork/html/src/plugins/src/font-icons/feather/feather.min.js]
[designreset.com/cork/html/modern-light-menu/component-fonticons.html]
[designreset.com/cork/html/modern-light-menu/component-flags.html]
[designreset.com/cork/html/modern-light-menu/element-alerts.html]
[designreset.com/cork/html/modern-light-menu/element-avatar.html]
[designreset.com/cork/html/modern-light-menu/element-badges.html]
[designreset.com/cork/html/modern-light-menu/element-breadcrumbs.html]
[designreset.com/cork/html/modern-light-menu/element-buttons.html]
[designreset.com/cork/html/modern-light-menu/element-buttons-group.html]
[designreset.com/cork/html/modern-light-menu/element-color-library.html]
[designreset.com/cork/html/modern-light-menu/element-dropdown.html]
[designreset.com/cork/html/modern-light-menu/element-infobox.html]
[designreset.com/cork/html/modern-light-menu/element-loader.html]
[designreset.com/cork/html/modern-light-menu/element-pagination.html]
[designreset.com/cork/html/src/assets/js/elements/popovers.js]
[designreset.com/cork/html/modern-light-menu/element-popovers.html]
[designreset.com/cork/html/modern-light-menu/element-progressbar.html]
[designreset.com/cork/html/src/assets/js/elements/custom-search.js]
[designreset.com/cork/html/modern-light-menu/element-search.html]
[designreset.com/cork/html/src/assets/js/elements/tooltip.js]
[designreset.com/cork/html/modern-light-menu/element-tooltips.html]
[designreset.com/cork/html/src/plugins/src/treeview/custom-jstree.js]
[designreset.com/cork/html/modern-light-menu/element-treeview.html]
[designreset.com/cork/html/modern-light-menu/element-typography.html]
[designreset.com/cork/html/src/plugins/src/leaflet/us-states.js]
[designreset.com/cork/html/src/plugins/src/leaflet/eu-countries.js]
[designreset.com/cork/html/src/plugins/src/leaflet/leaflet.js]
[designreset.com/cork/html/src/plugins/src/leaflet/leaflet_script.js]
[designreset.com/cork/html/modern-light-menu/map-leaflet.html]
[designreset.com/cork/html/src/plugins/src/apex/custom-apexcharts.js]
[designreset.com/cork/html/modern-light-menu/charts-apex.html]
[designreset.com/cork/html/src/assets/js/widgets/modules-widgets.js]
[designreset.com/cork/html/modern-light-menu/widgets.html]
[designreset.com/cork/html/modern-light-menu/layout-blank-page.html]
[designreset.com/cork/html/modern-light-menu/layout-empty.html]
[designreset.com/cork/html/modern-light-menu/layout-full-width.html]
[designreset.com/cork/html/modern-light-menu/layout-collapsible-menu.html]
[designreset.com/cork/html/modern-light-menu/table-basic.html]
[designreset.com/cork/html/modern-light-menu/table-datatable-basic.html]
[designreset.com/cork/html/src/assets/img/boy.png]
[designreset.com/cork/html/src/assets/img/boy-2.png]
[designreset.com/cork/html/src/assets/img/girl-3.png]
[designreset.com/cork/html/src/assets/img/girl-1.png]
[designreset.com/cork/html/src/assets/img/girl-4.png]
[designreset.com/cork/html/src/assets/img/girl-2.png]
[designreset.com/cork/html/modern-light-menu/table-datatable-striped-table.html]
[designreset.com/cork/html/modern-light-menu/table-datatable-custom.html]
[designreset.com/cork/html/src/plugins/src/table/datatable/button-ext/jszip.min.js]
[designreset.com/cork/html/src/plugins/src/table/datatable/button-ext/buttons.html5.min.js]
[designreset.com/cork/html/src/plugins/src/table/datatable/button-ext/buttons.print.min.js]
[designreset.com/cork/html/src/plugins/src/table/datatable/custom_miscellaneous.js]
[designreset.com/cork/html/modern-light-menu/table-datatable-miscellaneous.html]
[designreset.com/cork/html/modern-light-menu/form-bootstrap-basic.html]
[designreset.com/cork/html/modern-light-menu/form-input-group-basic.html]
[designreset.com/cork/html/modern-light-menu/form-layouts.html]
[designreset.com/cork/html/src/assets/js/forms/bootstrap_validation/bs_validation_script.js]
[designreset.com/cork/html/modern-light-menu/form-validation.html]
[designreset.com/cork/html/src/plugins/src/input-mask/jquery.inputmask.bundle.min.js]
[designreset.com/cork/html/src/plugins/src/input-mask/input-mask.js]
[designreset.com/cork/html/modern-light-menu/form-input-mask.html]
[designreset.com/cork/html/src/plugins/src/tomSelect/tom-select.base.js]
[designreset.com/cork/html/src/plugins/src/tomSelect/custom-tom-select.js]
[designreset.com/cork/html/modern-light-menu/form-tom-select.html]
[designreset.com/cork/html/src/plugins/src/tagify/custom-tagify.js]
[designreset.com/cork/html/modern-light-menu/form-tagify.html]
[designreset.com/cork/html/src/plugins/src/bootstrap-touchspin/custom-bootstrap-touchspin.js]
[designreset.com/cork/html/modern-light-menu/form-bootstrap-touchspin.html]
[designreset.com/cork/html/src/plugins/src/bootstrap-maxlength/bootstrap-maxlength.js]
[designreset.com/cork/html/src/plugins/src/bootstrap-maxlength/custom-bs-maxlength.js]
[designreset.com/cork/html/modern-light-menu/form-maxlength.html]
[designreset.com/cork/html/modern-light-menu/form-checkbox.html]
[designreset.com/cork/html/modern-light-menu/form-radio.html]
[designreset.com/cork/html/modern-light-menu/form-switches.html]
[designreset.com/cork/html/src/plugins/src/stepper/bsStepper.min.js]
[designreset.com/cork/html/src/plugins/src/stepper/custom-bsStepper.min.js]
[designreset.com/cork/html/modern-light-menu/form-wizard.html]
[designreset.com/cork/html/src/plugins/src/filepond/custom-filepond.js]
[designreset.com/cork/html/modern-light-menu/form-fileupload.html]
[designreset.com/cork/html/src/plugins/src/editors/quill/custom-quill.js]
[designreset.com/cork/html/modern-light-menu/form-quill.html]
[designreset.com/cork/html/src/plugins/src/editors/markdown/simplemde.min.js]
[designreset.com/cork/html/src/plugins/src/editors/markdown/custom-markdown.js]
[designreset.com/cork/html/modern-light-menu/form-markdown.html]
[designreset.com/cork/html/src/plugins/src/flatpickr/custom-flatpickr.js]
[designreset.com/cork/html/modern-light-menu/form-date-time-picker.html]
[designreset.com/cork/html/src/plugins/src/noUiSlider/nouislider.min.js]
[designreset.com/cork/html/src/plugins/src/noUiSlider/wNumb.min.js]
[designreset.com/cork/html/src/plugins/src/noUiSlider/custom-nouiSlider.js]
[designreset.com/cork/html/src/plugins/src/bootstrap-range-Slider/bootstrap-rangeSlider.js]
[designreset.com/cork/html/modern-light-menu/form-slider.html]
[designreset.com/cork/html/src/plugins/src/clipboard/clipboard.min.js]
[designreset.com/cork/html/src/plugins/src/clipboard/custom-clipboard.min.js]
[designreset.com/cork/html/modern-light-menu/form-clipboard.html]
[designreset.com/cork/html/src/plugins/src/autocomplete/autoComplete.min.js]
[designreset.com/cork/html/src/plugins/src/autocomplete/custom-autoComplete.js]
[designreset.com/cork/html/modern-light-menu/form-autoComplete.html]
[designreset.com/cork/html/src/assets/js/users/account-settings.js]
[designreset.com/cork/html/modern-light-menu/user-account-settings.html]
[designreset.com/cork/html/src/assets/js/pages/knowledge-base.js]
[designreset.com/cork/html/modern-light-menu/pages-knowledge-base.html]
[designreset.com/cork/html/src/assets/js/pages/faq.js]
[designreset.com/cork/html/modern-light-menu/pages-faq.html]
[designreset.com/cork/html/modern-light-menu/pages-contact-us.html]
[designreset.com/cork/html/modern-light-menu/pages-error404.html]
[designreset.com/cork/html/modern-light-menu/pages-maintenence.html]
[designreset.com/cork/html/modern-light-menu/auth-boxed-signup.html]
[designreset.com/cork/html/modern-light-menu/auth-boxed-password-reset.html]
[designreset.com/cork/html/src/assets/js/authentication/2-Step-Verification.js]
[designreset.com/cork/html/modern-light-menu/auth-boxed-2-step-verification.html]
[designreset.com/cork/html/modern-light-menu/auth-cover-signin.html]
[designreset.com/cork/html/modern-light-menu/auth-cover-signup.html]
[designreset.com/cork/html/modern-light-menu/auth-cover-lockscreen.html]
[designreset.com/cork/html/modern-light-menu/auth-cover-password-reset.html]
[designreset.com/cork/html/modern-light-menu/auth-cover-2-step-verification.html]
[designreset.com/cork/html/src/assets/css/img/arrow-down.png]
[designreset.com/cork/html/src/assets/css/light/main.css]
[designreset.com/cork/html/src/plugins/css/light/perfect-scrollbar/perfect-scrollbar.css]
[designreset.com/cork/html/src/plugins/src/waves/waves.min.css]
[designreset.com/cork/html/layouts/modern-light-menu/css/light/structure.css]
[designreset.com/cork/html/src/plugins/src/highlight/styles/monokai-sublime.css]
[designreset.com/cork/html/src/assets/css/dark/main.css]
[designreset.com/cork/html/src/plugins/css/dark/perfect-scrollbar/perfect-scrollbar.css]
[designreset.com/cork/html/layouts/modern-light-menu/css/dark/structure.css]
[designreset.com/cork/html/src/assets/css/light/components/list-group.css]
[designreset.com/cork/html/src/assets/css/light/users/user-profile.css]
[designreset.com/cork/html/src/assets/css/dark/components/list-group.css]
[designreset.com/cork/html/src/assets/css/dark/users/user-profile.css]
[designreset.com/cork/html/src/plugins/src/notification/snackbar/snackbar.min.css]
[designreset.com/cork/html/src/plugins/src/sweetalerts2/sweetalerts2.css]
[designreset.com/cork/html/src/assets/css/light/components/modal.css]
[designreset.com/cork/html/src/plugins/css/light/editors/quill/quill.snow.css]
[designreset.com/cork/html/src/assets/css/light/apps/mailbox.css]
[designreset.com/cork/html/src/plugins/css/light/sweetalerts2/custom-sweetalert.css]
[designreset.com/cork/html/src/assets/css/dark/components/modal.css]
[designreset.com/cork/html/src/plugins/css/dark/editors/quill/quill.snow.css]
[designreset.com/cork/html/src/assets/css/dark/apps/mailbox.css]
[designreset.com/cork/html/src/plugins/css/dark/sweetalerts2/custom-sweetalert.css]
[designreset.com/cork/html/src/assets/css/light/authentication/auth-boxed.css]
[designreset.com/cork/html/src/assets/css/dark/authentication/auth-boxed.css]
[designreset.com/cork/html/src/assets/css/light/dashboard/dash_2.css]
[designreset.com/cork/html/src/assets/css/dark/dashboard/dash_2.css]
[designreset.com/cork/html/src/plugins/src/fullcalendar/fullcalendar.min.css]
[designreset.com/cork/html/src/plugins/css/light/fullcalendar/custom-fullcalendar.css]
[designreset.com/cork/html/src/plugins/css/dark/fullcalendar/custom-fullcalendar.css]
[designreset.com/cork/html/src/assets/img/bg.png]
[designreset.com/cork/html/src/assets/assets/img/video-chat-2.1ec.delayed]
[designreset.com/cork/html/src/assets/css/light/apps/chat.css]
[designreset.com/cork/html/src/assets/css/dark/apps/chat.css]
[designreset.com/cork/html/src/assets/css/light/apps/todolist.css]
[designreset.com/cork/html/src/assets/css/dark/apps/todolist.css]
[designreset.com/cork/html/src/assets/css/light/apps/notes.css]
[designreset.com/cork/html/src/assets/css/dark/apps/notes.css]
[designreset.com/cork/html/src/assets/css/light/apps/scrumboard.css]
[designreset.com/cork/html/src/assets/css/dark/apps/scrumboard.css]
[designreset.com/cork/html/src/assets/css/light/apps/contacts.css]
[designreset.com/cork/html/src/assets/css/dark/apps/contacts.css]
[designreset.com/cork/html/src/plugins/src/table/datatable/datatables.css]
[designreset.com/cork/html/src/plugins/css/light/table/datatable/dt-global_style.css]
[designreset.com/cork/html/src/assets/css/light/apps/invoice-list.css]
[designreset.com/cork/html/src/plugins/css/dark/table/datatable/dt-global_style.css]
[designreset.com/cork/html/src/assets/css/dark/apps/invoice-list.css]
[designreset.com/cork/html/src/assets/css/light/apps/invoice-preview.css]
[designreset.com/cork/html/src/assets/css/dark/apps/invoice-preview.css]
[designreset.com/cork/html/src/plugins/src/flatpickr/flatpickr.css]
[designreset.com/cork/html/src/plugins/src/filepond/filepond.min.css]
[designreset.com/cork/html/src/plugins/src/filepond/FilePondPluginImagePreview.min.css]
[designreset.com/cork/html/src/plugins/css/light/filepond/custom-filepond.css]
[designreset.com/cork/html/src/plugins/css/light/flatpickr/custom-flatpickr.css]
[designreset.com/cork/html/src/assets/css/light/apps/invoice-add.css]
[designreset.com/cork/html/src/plugins/css/dark/filepond/custom-filepond.css]
[designreset.com/cork/html/src/plugins/css/dark/flatpickr/custom-flatpickr.css]
[designreset.com/cork/html/src/assets/css/dark/apps/invoice-add.css]
[designreset.com/cork/html/src/assets/css/light/apps/invoice-edit.css]
[designreset.com/cork/html/src/assets/css/dark/apps/invoice-edit.css]
[designreset.com/cork/html/src/assets/css/light/components/accordions.css]
[designreset.com/cork/html/src/assets/css/dark/components/accordions.css]
[designreset.com/cork/html/src/plugins/src/bootstrap-touchspin/jquery.bootstrap-touchspin.min.css]
[designreset.com/cork/html/src/plugins/src/glightbox/glightbox.min.css]
[designreset.com/cork/html/src/plugins/src/splide/splide.min.css]
[designreset.com/cork/html/src/assets/css/light/components/tabs.css]
[designreset.com/cork/html/src/assets/css/light/apps/ecommerce-details.css]
[designreset.com/cork/html/src/assets/css/dark/components/tabs.css]
[designreset.com/cork/html/src/assets/css/dark/apps/ecommerce-details.css]
[designreset.com/cork/html/src/plugins/src/tagify/tagify.css]
[designreset.com/cork/html/src/assets/css/light/forms/switches.css]
[designreset.com/cork/html/src/plugins/css/light/tagify/custom-tagify.css]
[designreset.com/cork/html/src/assets/css/dark/forms/switches.css]
[designreset.com/cork/html/src/plugins/css/dark/tagify/custom-tagify.css]
[designreset.com/cork/html/src/assets/css/light/apps/ecommerce-create.css]
[designreset.com/cork/html/src/assets/css/dark/apps/ecommerce-create.css]
[designreset.com/cork/html/src/assets/css/light/elements/custom-pagination.css]
[designreset.com/cork/html/src/assets/css/light/apps/blog-post.css]
[designreset.com/cork/html/src/assets/css/dark/elements/custom-pagination.css]
[designreset.com/cork/html/src/assets/css/dark/apps/blog-post.css]
[designreset.com/cork/html/src/assets/css/light/apps/blog-create.css]
[designreset.com/cork/html/src/assets/css/dark/apps/blog-create.css]
[designreset.com/cork/html/src/assets/css/light/scrollspyNav.css]
[designreset.com/cork/html/src/assets/css/dark/scrollspyNav.css]
[designreset.com/cork/html/src/plugins/src/animate/animate.css]
[designreset.com/cork/html/src/assets/css/light/components/carousel.css]
[designreset.com/cork/html/src/assets/css/dark/components/carousel.css]
[designreset.com/cork/html/src/assets/css/light/components/media_object.css]
[designreset.com/cork/html/src/assets/css/dark/components/media_object.css]
[designreset.com/cork/html/src/plugins/css/light/splide/custom-splide.min.css]
[designreset.com/cork/html/src/plugins/css/dark/splide/custom-splide.min.css]
[designreset.com/cork/html/modern-light-menu/assets/img/product-1.html]
[designreset.com/cork/html/modern-light-menu/assets/img/product-2.html]
[designreset.com/cork/html/modern-light-menu/assets/img/product-3.html]
[designreset.com/cork/html/src/assets/css/light/components/timeline.css]
[designreset.com/cork/html/src/assets/css/dark/components/timeline.css]
[designreset.com/cork/html/src/plugins/css/light/notification/snackbar/custom-snackbar.css]
[designreset.com/cork/html/src/plugins/css/dark/notification/snackbar/custom-snackbar.css]
[designreset.com/cork/html/src/plugins/css/light/pricing-table/css/component.css]
[designreset.com/cork/html/src/plugins/css/dark/pricing-table/css/component.css]
[designreset.com/cork/html/src/plugins/src/drag-and-drop/dragula/dragula.css]
[designreset.com/cork/html/src/plugins/css/light/drag-and-drop/dragula/example.css]
[designreset.com/cork/html/src/plugins/css/dark/drag-and-drop/dragula/example.css]
[designreset.com/cork/html/src/plugins/src/font-icons/fontawesome/css/regular.css]
[designreset.com/cork/html/src/plugins/src/font-icons/fontawesome/css/fontawesome.css]
[designreset.com/cork/html/src/assets/css/light/components/font-icons.css]
[designreset.com/cork/html/src/assets/css/dark/components/font-icons.css]
[designreset.com/cork/html/src/assets/img/ab-1.jpg]
[designreset.com/cork/html/src/assets/css/light/elements/alert.css]
[designreset.com/cork/html/src/assets/css/light/components/flags.css]
[designreset.com/cork/html/src/assets/css/dark/elements/alert.css]
[designreset.com/cork/html/src/assets/css/dark/components/flags.css]
[designreset.com/cork/html/src/assets/css/light/elements/color_library.css]
[designreset.com/cork/html/src/assets/css/dark/elements/color_library.css]
[designreset.com/cork/html/src/assets/img/infobox-1.jpg]
[designreset.com/cork/html/src/assets/img/infobox-2.jpg]
[designreset.com/cork/html/src/assets/css/light/elements/infobox.css]
[designreset.com/cork/html/src/assets/css/dark/elements/infobox.css]
[designreset.com/cork/html/src/plugins/css/light/loaders/custom-loader.css]
[designreset.com/cork/html/src/plugins/css/dark/loaders/custom-loader.css]
[designreset.com/cork/html/src/assets/css/light/elements/popover.css]
[designreset.com/cork/html/src/assets/css/dark/elements/popover.css]
[designreset.com/cork/html/src/assets/css/light/elements/search.css]
[designreset.com/cork/html/src/assets/css/dark/elements/search.css]
[designreset.com/cork/html/src/assets/css/light/elements/tooltip.css]
[designreset.com/cork/html/src/assets/css/dark/elements/tooltip.css]
[designreset.com/cork/html/src/assets/css/light/elements/custom-tree_view.css]
[designreset.com/cork/html/src/assets/css/dark/elements/custom-tree_view.css]
[designreset.com/cork/html/src/plugins/src/treeview/custom-jstree.html]
[designreset.com/cork/html/src/assets/css/light/elements/custom-typography.css]
[designreset.com/cork/html/src/assets/css/dark/elements/custom-typography.css]
[designreset.com/cork/html/src/plugins/src/leaflet/images/layers.png]
[designreset.com/cork/html/src/plugins/src/leaflet/images/layers-2x.png]
[designreset.com/cork/html/src/plugins/src/leaflet/images/marker-icon.png]
[designreset.com/cork/html/src/plugins/src/leaflet/leaflet.css]
[designreset.com/cork/html/src/plugins/css/light/apex/custom-apexcharts.css]
[designreset.com/cork/html/src/plugins/css/dark/apex/custom-apexcharts.css]
[designreset.com/cork/html/src/assets/css/light/widgets/modules-widgets.css]
[designreset.com/cork/html/src/assets/css/dark/widgets/modules-widgets.css]
[designreset.com/cork/html/src/plugins/css/light/table/datatable/custom_dt_custom.css]
[designreset.com/cork/html/src/plugins/css/dark/table/datatable/custom_dt_custom.css]
[designreset.com/cork/html/src/plugins/css/light/table/datatable/custom_dt_miscellaneous.css]
[designreset.com/cork/html/src/plugins/css/dark/table/datatable/custom_dt_miscellaneous.css]
[designreset.com/cork/html/src/plugins/src/tomSelect/tom-select.default.min.css]
[designreset.com/cork/html/src/plugins/css/light/tomSelect/custom-tomSelect.css]
[designreset.com/cork/html/src/plugins/css/dark/tomSelect/custom-tomSelect.css]
[designreset.com/cork/html/src/plugins/css/light/bootstrap-touchspin/custom-jquery.bootstrap-touchspin.min.css]
[designreset.com/cork/html/src/plugins/css/dark/bootstrap-touchspin/custom-jquery.bootstrap-touchspin.min.css]
[designreset.com/cork/html/src/plugins/src/stepper/bsStepper.min.css]
[designreset.com/cork/html/src/plugins/css/light/stepper/custom-bsStepper.css]
[designreset.com/cork/html/src/plugins/css/dark/stepper/custom-bsStepper.css]
[designreset.com/cork/html/src/plugins/css/light/editors/markdown/simplemde.min.css]
[designreset.com/cork/html/src/plugins/css/dark/editors/markdown/simplemde.min.css]
[designreset.com/cork/html/src/plugins/src/noUiSlider/nouislider.min.css]
[designreset.com/cork/html/src/plugins/css/light/noUiSlider/custom-nouiSlider.css]
[designreset.com/cork/html/src/plugins/css/light/bootstrap-range-Slider/bootstrap-slider.css]
[designreset.com/cork/html/src/plugins/css/dark/noUiSlider/custom-nouiSlider.css]
[designreset.com/cork/html/src/plugins/css/dark/bootstrap-range-Slider/bootstrap-slider.css]
[designreset.com/cork/html/src/plugins/css/light/clipboard/custom-clipboard.css]
[designreset.com/cork/html/src/plugins/css/dark/clipboard/custom-clipboard.css]
[designreset.com/cork/html/src/plugins/src/autocomplete/css/autoComplete.02.css]
[designreset.com/cork/html/src/plugins/css/light/autocomplete/css/custom-autoComplete.css]
[designreset.com/cork/html/src/plugins/css/dark/autocomplete/css/custom-autoComplete.css]
[designreset.com/cork/html/src/assets/css/light/users/account-setting.css]
[designreset.com/cork/html/src/assets/css/dark/users/account-setting.css]
[designreset.com/cork/html/src/assets/css/light/pages/knowledge_base.css]
[designreset.com/cork/html/src/assets/css/dark/pages/knowledge_base.css]
[designreset.com/cork/html/src/assets/css/light/pages/faq.css]
[designreset.com/cork/html/src/assets/css/dark/pages/faq.css]
[designreset.com/cork/html/src/assets/css/light/pages/contact_us.css]
[designreset.com/cork/html/src/assets/css/dark/pages/contact_us.css]
[designreset.com/cork/html/src/assets/css/light/pages/error/error.css]
[designreset.com/cork/html/src/assets/css/dark/pages/error/error.css]
[designreset.com/cork/html/src/assets/css/light/pages/error/style-maintanence.css]
[designreset.com/cork/html/src/assets/css/dark/pages/error/style-maintanence.css]
[designreset.com/cork/html/src/assets/css/light/authentication/auth-cover.css]
[designreset.com/cork/html/src/assets/css/dark/authentication/auth-cover.css]
[designreset.com/cork/html/src/assets/css/img/arrow-down.html]
[designreset.com/cork/html/src/assets/assets/img/video-chat-2.html]
[{s}.tile.openstreetmap.org/{z}/{x}/{y}.png]
