[htmldemo.net/tuime/tuime/index-two.html]
[backblue.gif]
[fade.gif]
[index.html]
[htmldemo.net/tuime/tuime/assets/img/favicon.ico]
[htmldemo.net/tuime/tuime/assets/css/font-awesome.min.css]
[htmldemo.net/tuime/tuime/assets/css/pe-icon-7-stroke.css]
[htmldemo.net/tuime/tuime/assets/css/bootstrap.min.css]
[htmldemo.net/tuime/tuime/assets/css/swiper.min.css]
[htmldemo.net/tuime/tuime/assets/css/fancybox.min.css]
[htmldemo.net/tuime/tuime/assets/css/ion.rangeSlider.min.css]
[htmldemo.net/tuime/tuime/index.html]
[htmldemo.net/tuime/tuime/assets/img/logo-light.png]
[htmldemo.net/tuime/tuime/assets/css/style.css]
[htmldemo.net/tuime/tuime/about-us.html]
[htmldemo.net/tuime/tuime/shop-three-columns.html]
[htmldemo.net/tuime/tuime/shop-four-columns.html]
[htmldemo.net/tuime/tuime/shop-left-sidebar.html]
[htmldemo.net/tuime/tuime/shop.html]
[htmldemo.net/tuime/tuime/single-product.html]
[htmldemo.net/tuime/tuime/single-normal-product.html]
[htmldemo.net/tuime/tuime/single-group-product.html]
[htmldemo.net/tuime/tuime/single-affiliate-product.html]
[htmldemo.net/tuime/tuime/shop-cart.html]
[htmldemo.net/tuime/tuime/shop-wishlist.html]
[htmldemo.net/tuime/tuime/shop-checkout.html]
[htmldemo.net/tuime/tuime/shop-compare.html]
[htmldemo.net/tuime/tuime/blog-grid.html]
[htmldemo.net/tuime/tuime/blog.html]
[htmldemo.net/tuime/tuime/blog-right-sidebar.html]
[htmldemo.net/tuime/tuime/blog-details-no-sidebar.html]
[htmldemo.net/tuime/tuime/blog-details.html]
[htmldemo.net/tuime/tuime/blog-details-right-sidebar.html]
[htmldemo.net/tuime/tuime/account-login.html]
[htmldemo.net/tuime/tuime/account.html]
[htmldemo.net/tuime/tuime/account-register.html]
[htmldemo.net/tuime/tuime/page-not-found.html]
[htmldemo.net/tuime/tuime/contact.html]
[htmldemo.net/tuime/tuime/assets/img/slider/slider-01.png]
[htmldemo.net/tuime/tuime/assets/img/icons/f1.png]
[htmldemo.net/tuime/tuime/assets/img/icons/f2.png]
[htmldemo.net/tuime/tuime/assets/img/icons/f3.png]
[htmldemo.net/tuime/tuime/assets/img/icons/f4.png]
[htmldemo.net/tuime/tuime/assets/img/about/1.png]
[htmldemo.net/tuime/tuime/assets/img/shop/banner/4.jpg]
[htmldemo.net/tuime/tuime/assets/img/shop/banner/5.jpg]
[htmldemo.net/tuime/tuime/assets/img/shop/banner/6.jpg]
[htmldemo.net/tuime/tuime/assets/img/shop/1.jpg]
[htmldemo.net/tuime/tuime/assets/img/shop/2.jpg]
[htmldemo.net/tuime/tuime/assets/img/shop/3.jpg]
[htmldemo.net/tuime/tuime/assets/img/shop/4.jpg]
[htmldemo.net/tuime/tuime/assets/img/shop/5.jpg]
[htmldemo.net/tuime/tuime/assets/img/shop/6.jpg]
[htmldemo.net/tuime/tuime/assets/img/shop/7.jpg]
[htmldemo.net/tuime/tuime/assets/img/shop/8.jpg]
[htmldemo.net/tuime/tuime/assets/img/photos/divider3.png]
[htmldemo.net/tuime/tuime/assets/img/shop/9.jpg]
[htmldemo.net/tuime/tuime/assets/img/shop/10.jpg]
[htmldemo.net/tuime/tuime/assets/img/blog/1.jpg]
[htmldemo.net/tuime/tuime/assets/img/blog/2.jpg]
[htmldemo.net/tuime/tuime/assets/img/blog/3.jpg]
[htmldemo.net/tuime/tuime/assets/img/photos/payment.png]
[htmldemo.net/tuime/tuime/assets/img/shop/modal1.jpg]
[htmldemo.net/tuime/tuime/assets/img/shop/quick-view1.jpg]
[htmldemo.net/tuime/tuime/assets/img/shop/product-mini/1.jpg]
[htmldemo.net/tuime/tuime/assets/img/shop/product-mini/2.jpg]
[htmldemo.net/tuime/tuime/assets/img/photos/paypal.webp]
[htmldemo.net/tuime/tuime/assets/js/modernizr.js]
[htmldemo.net/tuime/tuime/assets/js/jquery-migrate.js]
[htmldemo.net/tuime/tuime/assets/js/jquery-main.js]
[htmldemo.net/tuime/tuime/assets/js/popper.min.js]
[htmldemo.net/tuime/tuime/assets/js/bootstrap.min.js]
[htmldemo.net/tuime/tuime/assets/js/swiper.min.js]
[htmldemo.net/tuime/tuime/assets/js/countdown.js]
[htmldemo.net/tuime/tuime/assets/js/fancybox.min.js]
[htmldemo.net/tuime/tuime/assets/js/isotope.pkgd.min.js]
[htmldemo.net/tuime/tuime/index-two.html]
[htmldemo.net/tuime/tuime/assets/css/bootstrap.min.css]
[htmldemo.net/tuime/tuime/assets/js/ion.rangeSlider.min.js]
[htmldemo.net/tuime/tuime/assets/js/custom.js]
[htmldemo.net/tuime/tuime/assets/fonts/fontawesome-webfont3e6e.eot]
[htmldemo.net/tuime/tuime/assets/fonts/fontawesome-webfont3e6e.woff2]
[htmldemo.net/tuime/tuime/assets/fonts/fontawesome-webfontd41d.eot]
[htmldemo.net/tuime/tuime/assets/fonts/fontawesome-webfont3e6e.woff]
[htmldemo.net/tuime/tuime/assets/fonts/fontawesome-webfont3e6e.ttf]
[htmldemo.net/tuime/tuime/assets/css/font-awesome.min.css]
[htmldemo.net/tuime/tuime/assets/fonts/Pe-icon-7-strokebb1d.eot]
[htmldemo.net/tuime/tuime/assets/fonts/Pe-icon-7-strokebb1d.woff]
[htmldemo.net/tuime/tuime/assets/fonts/Pe-icon-7-stroked41d.eot]
[htmldemo.net/tuime/tuime/assets/fonts/fontawesome-webfont3e6e.svg]
[htmldemo.net/tuime/tuime/assets/fonts/Pe-icon-7-strokebb1d.ttf]
[htmldemo.net/tuime/tuime/assets/css/pe-icon-7-stroke.css]
[htmldemo.net/tuime/tuime/assets/css/swiper.min.css]
[htmldemo.net/tuime/tuime/assets/css/fancybox.min.css]
[htmldemo.net/tuime/tuime/assets/css/ion.rangeSlider.min.css]
[htmldemo.net/tuime/tuime/assets/img/icons/cancel-white.png]
[htmldemo.net/tuime/tuime/assets/fonts/Pe-icon-7-strokebb1d.svg]
[htmldemo.net/tuime/tuime/assets/img/icons/sec.png]
[htmldemo.net/tuime/tuime/assets/img/icons/bottom-arrow2.png]
[htmldemo.net/tuime/tuime/assets/img/icons/bottom-arrow.png]
[htmldemo.net/tuime/tuime/assets/img/preloader/dog-head-md.png]
[htmldemo.net/tuime/tuime/assets/img/preloader/dog-body-md.png]
[htmldemo.net/tuime/tuime/assets/css/style.css]
[htmldemo.net/tuime/tuime/assets/img/shop/category/1.png]
[htmldemo.net/tuime/tuime/assets/img/shop/category/2.png]
[htmldemo.net/tuime/tuime/assets/img/shop/category/3.png]
[htmldemo.net/tuime/tuime/assets/img/shop/category/4.png]
[htmldemo.net/tuime/tuime/assets/img/shop/category/5.png]
[htmldemo.net/tuime/tuime/assets/img/shop/banner/1.jpg]
[htmldemo.net/tuime/tuime/assets/img/shop/banner/2.jpg]
[htmldemo.net/tuime/tuime/assets/img/photos/divider1.png]
[htmldemo.net/tuime/tuime/assets/img/shape/object1.png]
[htmldemo.net/tuime/tuime/assets/img/photos/divider2.png]
[htmldemo.net/tuime/tuime/index.html]
[htmldemo.net/tuime/tuime/assets/img/about/2.png]
[htmldemo.net/tuime/tuime/assets/img/team/1.jpg]
[htmldemo.net/tuime/tuime/assets/img/team/2.jpg]
[htmldemo.net/tuime/tuime/assets/img/team/3.jpg]
[htmldemo.net/tuime/tuime/assets/img/team/4.jpg]
[htmldemo.net/tuime/tuime/assets/img/testimonial/1.png]
[htmldemo.net/tuime/tuime/assets/img/icons/quote1.png]
[htmldemo.net/tuime/tuime/assets/img/testimonial/2.png]
[htmldemo.net/tuime/tuime/assets/img/testimonial/3.png]
[htmldemo.net/tuime/tuime/about-us.html]
[htmldemo.net/tuime/tuime/assets/img/shop/col2-1.jpg]
[htmldemo.net/tuime/tuime/assets/img/shop/col2-2.jpg]
[htmldemo.net/tuime/tuime/assets/img/shop/col2-3.jpg]
[htmldemo.net/tuime/tuime/assets/img/shop/col2-4.jpg]
[htmldemo.net/tuime/tuime/assets/img/shop/col2-5.jpg]
[htmldemo.net/tuime/tuime/assets/img/shop/col2-6.jpg]
[htmldemo.net/tuime/tuime/assets/img/shop/col2-8.jpg]
[htmldemo.net/tuime/tuime/assets/img/shop/col2-7.jpg]
[htmldemo.net/tuime/tuime/shop-three-columns.html]
[htmldemo.net/tuime/tuime/shop-four-columns.html]
[htmldemo.net/tuime/tuime/assets/img/shop/banner/3.jpg]
[htmldemo.net/tuime/tuime/shop-left-sidebar.html]
[htmldemo.net/tuime/tuime/shop.html]
[htmldemo.net/tuime/tuime/assets/img/shop/product-single/1.jpg]
[htmldemo.net/tuime/tuime/assets/img/shop/product-single/2.jpg]
[htmldemo.net/tuime/tuime/assets/img/shop/product-single/3.jpg]
[htmldemo.net/tuime/tuime/assets/img/shop/product-single/4.jpg]
[htmldemo.net/tuime/tuime/assets/img/shop/product-single/nav1.jpg]
[htmldemo.net/tuime/tuime/assets/img/shop/product-single/nav2.jpg]
[htmldemo.net/tuime/tuime/assets/img/shop/product-single/nav3.jpg]
[htmldemo.net/tuime/tuime/assets/img/shop/product-single/nav4.jpg]
[htmldemo.net/tuime/tuime/assets/img/shop/avatar.jpg]
[htmldemo.net/tuime/tuime/single-normal-product.html]
[htmldemo.net/tuime/tuime/single-product.html]
[htmldemo.net/tuime/tuime/assets/img/shop/product-single/group1.jpg]
[htmldemo.net/tuime/tuime/assets/img/shop/product-single/group2.jpg]
[htmldemo.net/tuime/tuime/single-group-product.html]
[htmldemo.net/tuime/tuime/single-affiliate-product.html]
[htmldemo.net/tuime/tuime/assets/img/shop/product-mini/cart1.jpg]
[htmldemo.net/tuime/tuime/assets/img/shop/product-mini/cart2.jpg]
[htmldemo.net/tuime/tuime/assets/img/shop/product-mini/cart3.jpg]
[htmldemo.net/tuime/tuime/shop-cart.html]
[htmldemo.net/tuime/tuime/shop-checkout.html]
[htmldemo.net/tuime/tuime/assets/img/shop/product-mini/wishlist1.jpg]
[htmldemo.net/tuime/tuime/assets/img/shop/product-mini/wishlist2.jpg]
[htmldemo.net/tuime/tuime/assets/img/shop/product-mini/wishlist3.jpg]
[htmldemo.net/tuime/tuime/shop-wishlist.html]
[htmldemo.net/tuime/tuime/shop-compare.html]
[htmldemo.net/tuime/tuime/assets/img/blog/4.jpg]
[htmldemo.net/tuime/tuime/assets/img/blog/5.jpg]
[htmldemo.net/tuime/tuime/assets/img/blog/6.jpg]
[htmldemo.net/tuime/tuime/assets/img/blog/7.jpg]
[htmldemo.net/tuime/tuime/assets/img/blog/8.jpg]
[htmldemo.net/tuime/tuime/assets/img/blog/9.jpg]
[htmldemo.net/tuime/tuime/blog-grid.html]
[htmldemo.net/tuime/tuime/assets/img/blog/s1.jpg]
[htmldemo.net/tuime/tuime/assets/img/blog/s2.jpg]
[htmldemo.net/tuime/tuime/assets/img/blog/s3.jpg]
[htmldemo.net/tuime/tuime/blog.html]
[htmldemo.net/tuime/tuime/blog-right-sidebar.html]
[htmldemo.net/tuime/tuime/assets/img/blog/details2.jpg]
[htmldemo.net/tuime/tuime/assets/img/icons/quote2.png]
[htmldemo.net/tuime/tuime/assets/img/blog/author1.jpg]
[htmldemo.net/tuime/tuime/assets/img/blog/author2.jpg]
[htmldemo.net/tuime/tuime/assets/img/blog/author3.jpg]
[htmldemo.net/tuime/tuime/blog-details-no-sidebar.html]
[htmldemo.net/tuime/tuime/assets/img/blog/details1.jpg]
[htmldemo.net/tuime/tuime/blog-details.html]
[htmldemo.net/tuime/tuime/blog-details-right-sidebar.html]
[htmldemo.net/tuime/tuime/account.html]
[htmldemo.net/tuime/tuime/account-login.html]
[htmldemo.net/tuime/tuime/account-register.html]
[htmldemo.net/tuime/tuime/page-not-found.html]
[htmldemo.net/tuime/tuime/assets/img/icons/c1.png]
[htmldemo.net/tuime/tuime/assets/img/icons/c2.png]
[htmldemo.net/tuime/tuime/assets/img/icons/c3.png]
[htmldemo.net/tuime/tuime/contact.html]
[htmldemo.net/tuime/tuime/assets/fonts/fontawesome-webfont3e6e.svg]
[htmldemo.net/tuime/tuime/assets/fonts/Pe-icon-7-strokebb1d.svg]
